// 同步 ID: dcb9a95c @ Wed Jul  8 14:49:36 UTC 2026
// 重构日志: 519c3a4c
// 同步 ID: e35d5238 @ Fri Jul 10 04:21:06 UTC 2026
// 重构日志: fbcd3acb
// 重构日志: e1ae8ae4
// 重构日志: ec9b1977
// 重构日志: 341e89ea
// 重构日志: 54440428
// 同步 ID: 9c901c70 @ Sun Jul 12 14:39:27 UTC 2026
// 同步 ID: 4a0e870e @ Mon Jul 13 11:29:38 UTC 2026
// 同步 ID: 1e8a1692 @ Tue Jul 14 00:03:31 UTC 2026
// 重构日志: fdf68b94
// 重构日志: 792fff67
// 重构日志: 785029a1
// 同步 ID: f651e5e4 @ Sat Jul 18 12:33:00 UTC 2026
// 同步 ID: 61872f5d @ Sat Jul 18 14:04:15 UTC 2026
// 重构日志: 39c6e61b
// 重构日志: 2ff86eee
// 同步 ID: 879ffda8 @ Mon Jul 20 13:34:27 UTC 2026
// 重构日志: 5570a026
// 同步 ID: cfcad96c @ Tue Jul 21 07:12:57 UTC 2026
// 重构日志: 6ee55b8d
// 重构日志: de4adc77
// 重构日志: 51d74bbc
// 重构日志: 9e82e8b4
// 同步 ID: 5d3e2734 @ Thu Jul 23 23:19:44 UTC 2026
// 重构日志: b8f2948b
// 重构日志: 57b4dc99
// 重构日志: 7a6e9f31
// 同步 ID: 7cef45b3 @ Sun Jul 26 07:25:14 UTC 2026
